// Jest Snapshot v1, https://goo.gl/fbAQLP

exports[`<TextBoxColorIcon /> test case renders colors passed via props 1`] = `
<svg
  color="#D86C30"
  data-testid="textBoxColorIcon"
  fill="none"
  height="32"
  viewBox="0 0 32 32"
  width="32"
  xmlns="http://www.w3.org/2000/svg"
>
  <g
    clip-path="url(#clip0)"
  >
    <path
      d="M21.6336 21L19.7513 15.9828H12.1681L10.2857 21H8L14.5613 4H17.4387L24 21H21.6336ZM16.0134 5.89971H15.879L12.7059 14.1805H19.1866L16.0134 5.89971Z"
      fill="#262626"
    />
    <path
      clip-rule="evenodd"
      d="M28 23H4V29H28V23ZM26 25H6V27H26V25Z"
      fill="#D86C30"
      fill-rule="nonzero"
    />
    <path
      clip-rule="evenodd"
      d="M4 0V-1H6V0H4ZM4 2V11V13H6H9.08769L9.85961 11H6V2H4ZM26 2V11H22.1404L22.9123 13H26H28V11V2H26ZM28 0V-1H26V0H28Z"
      fill="#262626"
      fill-rule="evenodd"
    />
  </g>
  <defs>
    <clippath
      id="clip0"
    >
      <path
        d="M0 0H32V32H0V0Z"
        fill="white"
      />
    </clippath>
  </defs>
</svg>
`;
