// Jest Snapshot v1, https://goo.gl/fbAQLP

exports[`<SuccessArrowIcon /> test case renders color passed via props 1`] = `
<svg
  color="#831D23"
  data-testid="successArrowIcon"
  fill="none"
  height="10"
  viewBox="0 0 13 10"
  width="13"
  xmlns="http://www.w3.org/2000/svg"
>
  <path
    clip-rule="evenodd"
    d="M12.7072 1.70718L5.00008 9.41429L0.292969 4.70718L1.70718 3.29297L5.00008 6.58586L11.293 0.292969L12.7072 1.70718Z"
    fill="#831D23"
    fill-rule="evenodd"
  />
</svg>
`;
