// Jest Snapshot v1, https://goo.gl/fbAQLP

exports[`<SideBySideIcon /> test case renders color passed via props 1`] = `
<svg
  color="8C8C8C"
  data-testid="sideBySideIcon"
  fill="none"
  height="32"
  viewBox="0 0 28 28"
  width="32"
>
  <path
    d="M0 1H12V27H0"
    fill="8C8C8C"
    stroke="black"
    stroke-miterlimit="10"
    stroke-width="2"
  />
  <path
    d="M28 27H16V1H28"
    fill="8C8C8C"
    stroke="black"
    stroke-miterlimit="10"
    stroke-width="2"
  />
</svg>
`;
