// Jest Snapshot v1, https://goo.gl/fbAQLP

exports[`<MenuIcon /> test case renders color passed via props 1`] = `
<svg
  color="#831D23"
  data-testid="menuIcon"
  fill="none"
  height="32"
  viewBox="0 0 32 32"
  width="32"
  xmlns="http://www.w3.org/2000/svg"
>
  <circle
    cx="6"
    cy="16"
    r="3"
    stroke="#831D23"
    stroke-width="2"
  />
  <circle
    cx="16"
    cy="16"
    r="3"
    stroke="#831D23"
    stroke-width="2"
  />
  <circle
    cx="26"
    cy="16"
    r="3"
    stroke="#831D23"
    stroke-width="2"
  />
</svg>
`;
